../Core/Src/main.c:85:5:main	16	static
../Core/Src/main.c:152:6:SystemClock_Config	88	static
../Core/Src/main.c:198:13:MX_USART1_UART_Init	8	static
../Core/Src/main.c:229:13:MX_USART2_UART_Init	8	static
../Core/Src/main.c:260:13:MX_GPIO_Init	40	static
../Core/Src/main.c:291:6:HAL_UART_RxCpltCallback	16	static
../Core/Src/main.c:326:6:Process_USART1_Data	8	static
../Core/Src/main.c:342:6:Process_USART2_Data	8	static
../Core/Src/main.c:359:6:HAL_UART_TxCpltCallback	16	static
../Core/Src/main.c:369:6:HAL_UART_ErrorCallback	16	static
../Core/Src/main.c:386:6:Error_Handler	4	static,ignoring_inline_asm
