../Core/Src/main.c:73:5:main	16	static
../Core/Src/main.c:134:6:SystemClock_Config	88	static
../Core/Src/main.c:180:13:MX_IWDG_Init	8	static
../Core/Src/main.c:196:13:MX_USART1_UART_Init	8	static
../Core/Src/main.c:217:13:MX_USART2_UART_Init	8	static
../Core/Src/main.c:238:13:MX_GPIO_Init	40	static
../Core/Src/main.c:264:6:HAL_UART_RxCpltCallback	16	static
../Core/Src/main.c:281:6:HAL_UART_TxCpltCallback	16	static
../Core/Src/main.c:298:6:HAL_UART_ErrorCallback	16	static
../Core/Src/main.c:314:6:Error_Handler	4	static,ignoring_inline_asm
